// Jest Snapshot v1, https://goo.gl/fbAQLP

exports[`Card renders 1`] = `
<div>
  <button
    class="btn btn-primary"
    type="button"
  >
    1
  </button>
</div>
`;
